==> jason
Compiling 10 files (.ex)
Generated jason app
==> popcorn
Compiling 1 file (.erl)
Compiling 25 files (.ex)
Generated popcorn app

11:28:35.979 [info] Bundling started
[22m[info | compiler] Compiling patches/otp/compiler/beam_asm.erl
[0m[22m[info | compiler] Compiling patches/otp/compiler/beam_dict.erl
[0m[22m[info | compiler] Compiling patches/otp/compiler/compile.erl
[0m[22m[info | compiler] Compiling patches/otp/compiler/v3_core.erl
[0m[22m[info | compiler] Compiling patches/otp/compiler/v3_kernel.erl
[0m[22m[info | popcorn_lib] Compiling patches/popcorn_lib/eavmlib/atomvm.erl
[0m[22m[info | popcorn_lib] Compiling patches/popcorn_lib/eavmlib/atomvm_logger_manager.erl
[0m[22m[info | popcorn_lib] Compiling patches/popcorn_lib/eavmlib/avm_pubsub.erl
[0m[22m[info | popcorn_lib] Compiling patches/popcorn_lib/eavmlib/console.erl
[0m[22m[info | popcorn_lib] Compiling patches/popcorn_lib/eavmlib/emscripten.erl
[0m[22m[info | popcorn_lib] Compiling patches/popcorn_lib/eavmlib/network.erl
[0m[22m[info | popcorn_lib] Compiling patches/popcorn_lib/eavmlib/port.erl
[0m[22m[info | popcorn_lib] Compiling patches/popcorn_lib/eavmlib/timer_manager.erl
[0m[22m[info | popcorn_lib] Compiling patches/popcorn_lib/exavmlib/AVMPort.ex
[0m[22m[info | popcorn_lib] Compiling patches/popcorn_lib/exavmlib/Console.ex
[0m[22m[info | popcorn_lib] Compiling patches/popcorn_lib/utils/popcorn_init.ex
[0m[22m[info | popcorn_lib] Compiling patches/popcorn_lib/utils/simple_trace.erl
[0m[22m[info | compiler] Patching compile.beam
[0m[22m[info | compiler] Patching beam_asm.beam
[0m[22m[info | compiler] Patching v3_kernel.beam
[0m[22m[info | compiler] Patching beam_dict.beam
[0m[22m[info | popcorn_lib] Transferring console.beam
[0m[22m[info | popcorn_lib] Transferring avm_pubsub.beam
[0m[22m[info | popcorn_lib] Transferring atomvm.beam
[0m[22m[info | popcorn_lib] Transferring atomvm_logger_manager.beam
[0m[22m[info | popcorn_lib] Transferring port.beam
[0m[22m[info | popcorn_lib] Transferring timer_manager.beam
[0m[22m[info | compiler] Patching v3_core.beam
[0m[22m[info | popcorn_lib] Transferring emscripten.beam
[0m[22m[info | popcorn_lib] Transferring network.beam
[0m[22m[info | popcorn_lib] Transferring simple_trace.beam
[0m    warning: :port.call/2 is undefined (module :port is not available or is yet to be defined)
    │
 34 │     :port.call(pid, message)
    │           ~
    │
    └─ patches/popcorn_lib/exavmlib/AVMPort.ex:34:11: AVMPort.call/2

    warning: :port.call/3 is undefined (module :port is not available or is yet to be defined)
    │
 39 │     :port.call(pid, message, timeoutMs)
    │           ~
    │
    └─ patches/popcorn_lib/exavmlib/AVMPort.ex:39:11: AVMPort.call/3

[22m[info | popcorn_lib] Transferring Elixir.AVMPort.beam
[0m[22m[info | popcorn_lib] Transferring Elixir.Console.beam
[0m[22m[info | popcorn_lib] Transferring Elixir.Popcorn.Init.beam
[0m[22m[info | erts] Compiling patches/otp/erts/erlang.erl
[0m[22m[info | erts] Compiling patches/otp/erts/erts_internal.erl
[0m[22m[info | erts] Compiling patches/otp/erts/init.erl
[0m[22m[info | erts] Compiling patches/otp/erts/persistent_term.erl
[0m[22m[info | erts] Compiling patches/otp/erts/prim_eval.S
[0m[22m[info | erts] Compiling patches/otp/erts/prim_file.erl
[0m[22m[info | erts] Patching prim_eval.beam
[0m[22m[info | erts] Patching prim_file.beam
[0m[22m[info | erts] Patching erts_internal.beam
[0m[22m[info | erts] Patching persistent_term.beam
[0m[22m[info | erts] Patching init.beam
[0m[22m[info | erts] Patching erlang.beam
[0m[22m[info | compiler] Transferring beam_a.beam
[0m[22m[info | compiler] Transferring beam_block.beam
[0m[22m[info | compiler] Transferring beam_bounds.beam
[0m[22m[info | compiler] Transferring beam_call_types.beam
[0m[22m[info | compiler] Transferring beam_clean.beam
[0m[22m[info | compiler] Transferring beam_digraph.beam
[0m[22m[info | compiler] Transferring beam_flatten.beam
[0m[22m[info | compiler] Transferring beam_jump.beam
[0m[22m[info | compiler] Transferring beam_disasm.beam
[0m[22m[info | compiler] Transferring beam_kernel_to_ssa.beam
[0m[22m[info | compiler] Transferring beam_listing.beam
[0m[22m[info | compiler] Transferring beam_opcodes.beam
[0m[22m[info | compiler] Transferring beam_ssa.beam
[0m[22m[info | compiler] Transferring beam_ssa_alias.beam
[0m[22m[info | compiler] Transferring beam_ssa_bc_size.beam
[0m[22m[info | compiler] Transferring beam_ssa_bool.beam
[0m[22m[info | compiler] Transferring beam_ssa_bsm.beam
[0m[22m[info | compiler] Transferring beam_ssa_check.beam
[0m[22m[info | compiler] Transferring beam_ssa_codegen.beam
[0m[22m[info | compiler] Transferring beam_ssa_dead.beam
[0m[22m[info | compiler] Transferring beam_ssa_lint.beam
[0m[22m[info | compiler] Transferring beam_ssa_opt.beam
[0m[22m[info | compiler] Transferring beam_ssa_pp.beam
[0m[22m[info | compiler] Transferring beam_ssa_pre_codegen.beam
[0m[22m[info | compiler] Transferring beam_ssa_private_append.beam
[0m[22m[info | compiler] Transferring beam_ssa_recv.beam
[0m[22m[info | compiler] Transferring beam_ssa_share.beam
[0m[22m[info | compiler] Transferring beam_ssa_throw.beam
[0m[22m[info | compiler] Transferring beam_ssa_type.beam
[0m[22m[info | compiler] Transferring beam_trim.beam
[0m[22m[info | compiler] Transferring beam_types.beam
[0m[22m[info | compiler] Transferring beam_utils.beam
[0m[22m[info | compiler] Transferring beam_validator.beam
[0m[22m[info | compiler] Transferring beam_z.beam
[0m[22m[info | compiler] Transferring cerl.beam
[0m[22m[info | compiler] Transferring cerl_clauses.beam
[0m[22m[info | compiler] Transferring cerl_inline.beam
[0m[22m[info | compiler] Transferring cerl_trees.beam
[0m[22m[info | compiler] Transferring compiler.app
[0m[22m[info | compiler] Transferring core_lib.beam
[0m[22m[info | compiler] Transferring core_lint.beam
[0m[22m[info | compiler] Transferring core_parse.beam
[0m[22m[info | compiler] Transferring core_pp.beam
[0m[22m[info | compiler] Transferring core_scan.beam
[0m[22m[info | compiler] Transferring erl_bifs.beam
[0m[22m[info | compiler] Transferring rec_env.beam
[0m[22m[info | compiler] Transferring sys_core_alias.beam
[0m[22m[info | compiler] Transferring sys_core_bsm.beam
[0m[22m[info | compiler] Transferring sys_core_fold.beam
[0m[22m[info | compiler] Transferring sys_core_inline.beam
[0m[22m[info | compiler] Transferring sys_core_fold_lists.beam
[0m[22m[info | compiler] Transferring sys_core_prepare.beam
[0m[22m[info | compiler] Transferring sys_messages.beam
[0m[22m[info | compiler] Transferring sys_pre_attributes.beam
[0m[22m[info | compiler] Transferring v3_kernel_pp.beam
[0m[22m[info | kernel] Compiling patches/otp/kernel/application_controller.erl
[0m[22m[info | kernel] Compiling patches/otp/kernel/application_master.erl
[0m[22m[info | kernel] Compiling patches/otp/kernel/erts_debug.erl
[0m[22m[info | kernel] Compiling patches/otp/kernel/file.erl
[0m[22m[info | kernel] Compiling patches/otp/kernel/code.erl
[0m[22m[info | kernel] Compiling patches/otp/kernel/gen_tcp.erl
[0m[22m[info | kernel] Compiling patches/otp/kernel/gen_tcp_inet.erl
[0m[22m[info | kernel] Compiling patches/otp/kernel/gen_tcp_socket.erl
[0m[22m[info | kernel] Compiling patches/otp/kernel/gen_udp_inet.erl
[0m[22m[info | kernel] Compiling patches/otp/kernel/gen_udp.erl
[0m[22m[info | kernel] Compiling patches/otp/kernel/gen_udp_socket.erl
[0m[22m[info | kernel] Compiling patches/otp/kernel/group_history.erl
[0m[22m[info | kernel] Compiling patches/otp/kernel/inet.erl
[0m[22m[info | kernel] Compiling patches/otp/kernel/kernel.erl
[0m[22m[info | kernel] Compiling patches/otp/kernel/logger.erl
[0m[22m[info | kernel] Compiling patches/otp/kernel/logger_std_h.erl
[0m[22m[info | kernel] Compiling patches/otp/kernel/net.erl
[0m[22m[info | kernel] Compiling patches/otp/kernel/os.erl
[0m[22m[info | kernel] Compiling patches/otp/kernel/socket.erl
[0m[22m[info | erts] Transferring atomics.beam
[0m[22m[info | erts] Transferring counters.beam
[0m[22m[info | erts] Transferring erl_init.beam
[0m[22m[info | erts] Transferring erl_prim_loader.beam
[0m[22m[info | erts] Transferring erl_tracer.beam
[0m[22m[info | erts] Transferring erts.app
[0m[22m[info | erts] Transferring erts_code_purger.beam
[0m[22m[info | erts] Transferring erts_dirty_process_signal_handler.beam
[0m[22m[info | erts] Transferring erts_literal_area_collector.beam
[0m[22m[info | erts] Transferring prim_buffer.beam
[0m[22m[info | erts] Transferring prim_inet.beam
[0m[22m[info | erts] Transferring prim_net.beam
[0m[22m[info | erts] Transferring prim_socket.beam
[0m[22m[info | erts] Transferring prim_zip.beam
[0m[22m[info | erts] Transferring socket_registry.beam
[0m[22m[info | erts] Transferring zlib.beam
[0m[22m[info | stdlib] Compiling patches/otp/stdlib/beam_lib.erl
[0m[22m[info | stdlib] Compiling patches/otp/stdlib/binary.erl
[0m[22m[info | stdlib] Compiling patches/otp/stdlib/calendar.erl
[0m[22m[info | stdlib] Compiling patches/otp/stdlib/erl_eval.erl
[0m[22m[info | stdlib] Compiling patches/otp/stdlib/erl_features.erl
[0m[22m[info | stdlib] Compiling patches/otp/stdlib/erl_parse.erl
[0m[22m[info | stdlib] Compiling patches/otp/stdlib/ets.erl
[0m[22m[info | stdlib] Compiling patches/otp/stdlib/eval_bits.erl
[0m[22m[info | stdlib] Compiling patches/otp/stdlib/filename.erl
[0m[22m[info | stdlib] Compiling patches/otp/stdlib/gen.erl
[0m[22m[info | stdlib] Compiling patches/otp/stdlib/gen_event.erl
[0m[22m[info | stdlib] Compiling patches/otp/stdlib/gen_server.erl
[0m[22m[info | stdlib] Compiling patches/otp/stdlib/gen_statem.erl
[0m[22m[info | stdlib] Compiling patches/otp/stdlib/io.erl
[0m[22m[info | stdlib] Compiling patches/otp/stdlib/lists.erl
[0m[22m[info | stdlib] Compiling patches/otp/stdlib/math.erl
[0m[22m[info | stdlib] Compiling patches/otp/stdlib/proc_lib.erl
[0m[22m[info | stdlib] Compiling patches/otp/stdlib/rand.erl
[0m[22m[info | stdlib] Compiling patches/otp/stdlib/shell.erl
[0m[22m[info | stdlib] Compiling patches/otp/stdlib/maps.erl
[0m[22m[info | kernel] Patching file.beam
[0m[22m[info | kernel] Transferring gen_tcp_inet.beam
[0m[22m[info | kernel] Patching gen_tcp.beam
[0m[22m[info | kernel] Patching code.beam
[0m[22m[info | kernel] Patching gen_udp.beam
[0m[22m[info | kernel] Transferring gen_udp_inet.beam
[0m[22m[info | kernel] Patching kernel.beam
[0m[22m[info | kernel] Patching gen_tcp_socket.beam
[0m[22m[info | kernel] Patching net.beam
[0m[22m[info | kernel] Patching logger.beam
[0m[22m[info | kernel] Patching inet.beam
[0m[22m[info | kernel] Patching gen_udp_socket.beam
[0m[22m[info | kernel] Patching application_master.beam
[0m[22m[info | stdlib] Patching eval_bits.beam
[0m[22m[info | kernel] Patching socket.beam
[0m[22m[info | stdlib] Patching binary.beam
[0m[22m[info | kernel] Patching logger_std_h.beam
[0m[22m[info | stdlib] Patching math.beam
[0m[22m[info | kernel] Patching application_controller.beam
[0m[22m[info | stdlib] Patching shell.beam
[0m[22m[info | stdlib] Compiling patches/otp/stdlib/string.erl
[0m[22m[info | kernel] Patching group_history.beam
[0m[22m[info | stdlib] Patching proc_lib.beam
[0m[22m[info | kernel] Patching erts_debug.beam
[0m[22m[info | stdlib] Patching erl_parse.beam
[0m[22m[info | kernel] Patching os.beam
[0m[22m[info | stdlib] Patching gen_event.beam
[0m[22m[info | stdlib] Patching lists.beam
[0m[22m[info | stdlib] Patching beam_lib.beam
[0m[22m[info | stdlib] Patching erl_features.beam
[0m[22m[info | stdlib] Patching gen_server.beam
[0m[22m[info | stdlib] Patching gen.beam
[0m[22m[info | stdlib] Patching calendar.beam
[0m[22m[info | stdlib] Patching erl_eval.beam
[0m[22m[info | stdlib] Patching ets.beam
[0m[22m[info | stdlib] Patching gen_statem.beam
[0m[22m[info | stdlib] Patching io.beam
[0m[22m[info | stdlib] Patching filename.beam
[0m[22m[info | stdlib] Patching rand.beam
[0m[22m[info | stdlib] Patching maps.beam
[0m[22m[info | stdlib] Compiling patches/otp/stdlib/supervisor.erl
[0m[22m[info | stdlib] Compiling patches/otp/stdlib/timer.erl
[0m[22m[info | stdlib] Patching string.beam
[0m[22m[info | stdlib] Patching timer.beam
[0m[22m[info | stdlib] Patching supervisor.beam
[0m[22m[info | kernel] Transferring application.beam
[0m[22m[info | kernel] Transferring application_starter.beam
[0m[22m[info | kernel] Transferring auth.beam
[0m[22m[info | kernel] Transferring disk_log.beam
[0m[22m[info | kernel] Transferring code_server.beam
[0m[22m[info | kernel] Transferring disk_log_server.beam
[0m[22m[info | kernel] Transferring disk_log_1.beam
[0m[22m[info | kernel] Transferring disk_log_sup.beam
[0m[22m[info | kernel] Transferring dist_ac.beam
[0m[22m[info | kernel] Transferring dist_util.beam
[0m[22m[info | kernel] Transferring erl_boot_server.beam
[0m[22m[info | kernel] Transferring erl_compile_server.beam
[0m[22m[info | kernel] Transferring erl_ddll.beam
[0m[22m[info | kernel] Transferring erl_erts_errors.beam
[0m[22m[info | kernel] Transferring erl_epmd.beam
[0m[22m[info | kernel] Transferring erl_kernel_errors.beam
[0m[22m[info | kernel] Transferring erl_reply.beam
[0m[22m[info | kernel] Transferring erl_distribution.beam
[0m[22m[info | kernel] Transferring erl_signal_handler.beam
[0m[22m[info | kernel] Transferring erpc.beam
[0m[22m[info | kernel] Transferring error_handler.beam
[0m[22m[info | kernel] Transferring error_logger.beam
[0m[22m[info | kernel] Transferring file_server.beam
[0m[22m[info | kernel] Transferring gen_sctp.beam
[0m[22m[info | kernel] Transferring file_io_server.beam
[0m[22m[info | kernel] Transferring global.beam
[0m[22m[info | kernel] Transferring global_group.beam
[0m[22m[info | kernel] Transferring global_search.beam
[0m[22m[info | kernel] Transferring group.beam
[0m[22m[info | kernel] Transferring heart.beam
[0m[22m[info | kernel] Transferring inet6_sctp.beam
[0m[22m[info | kernel] Transferring inet6_tcp.beam
[0m[22m[info | kernel] Transferring inet6_tcp_dist.beam
[0m[22m[info | kernel] Transferring inet6_udp.beam
[0m[22m[info | kernel] Transferring inet_config.beam
[0m[22m[info | kernel] Transferring inet_db.beam
[0m[22m[info | kernel] Transferring inet_dns.beam
[0m[22m[info | kernel] Transferring inet_epmd_dist.beam
[0m[22m[info | kernel] Transferring inet_epmd_socket.beam
[0m[22m[info | kernel] Transferring inet_gethost_native.beam
[0m[22m[info | kernel] Transferring inet_hosts.beam
[0m[22m[info | kernel] Transferring inet_parse.beam
[0m[22m[info | kernel] Transferring inet_res.beam
[0m[22m[info | kernel] Transferring inet_sctp.beam
[0m[22m[info | kernel] Transferring inet_tcp.beam
[0m[22m[info | kernel] Transferring inet_tcp_dist.beam
[0m[22m[info | kernel] Transferring inet_udp.beam
[0m[22m[info | kernel] Transferring kernel.app
[0m[22m[info | kernel] Transferring kernel_config.beam
[0m[22m[info | kernel] Transferring kernel_refc.beam
[0m[22m[info | kernel] Transferring local_tcp.beam
[0m[22m[info | kernel] Transferring local_udp.beam
[0m[22m[info | kernel] Transferring logger_backend.beam
[0m[22m[info | kernel] Transferring logger_config.beam
[0m[22m[info | kernel] Transferring logger_disk_log_h.beam
[0m[22m[info | kernel] Transferring logger_filters.beam
[0m[22m[info | kernel] Transferring logger_formatter.beam
[0m[22m[info | kernel] Transferring logger_h_common.beam
[0m[22m[info | kernel] Transferring logger_handler_watcher.beam
[0m[22m[info | kernel] Transferring logger_olp.beam
[0m[22m[info | kernel] Transferring logger_proxy.beam
[0m[22m[info | kernel] Transferring logger_server.beam
[0m[22m[info | kernel] Transferring logger_simple_h.beam
[0m[22m[info | kernel] Transferring net_adm.beam
[0m[22m[info | kernel] Transferring logger_sup.beam
[0m[22m[info | kernel] Transferring net_kernel.beam
[0m[22m[info | kernel] Transferring pg.beam
[0m[22m[info | kernel] Transferring pg2.beam
[0m[22m[info | kernel] Transferring ram_file.beam
[0m[22m[info | kernel] Transferring prim_tty.beam
[0m[22m[info | kernel] Transferring raw_file_io.beam
[0m[22m[info | kernel] Transferring raw_file_io_compressed.beam
[0m[22m[info | kernel] Transferring raw_file_io_deflate.beam
[0m[22m[info | kernel] Transferring raw_file_io_delayed.beam
[0m[22m[info | kernel] Transferring raw_file_io_inflate.beam
[0m[22m[info | kernel] Transferring rpc.beam
[0m[22m[info | kernel] Transferring raw_file_io_list.beam
[0m[22m[info | kernel] Transferring seq_trace.beam
[0m[22m[info | kernel] Transferring standard_error.beam
[0m[22m[info | kernel] Transferring user_drv.beam
[0m[22m[info | kernel] Transferring user_sup.beam
[0m[22m[info | kernel] Transferring wrap_log_reader.beam
[0m[22m[info | elixir] Compiling patches/elixir/elixir/base.ex
[0m[22m[info | elixir] Compiling patches/elixir/elixir/dynamic_supervisor.ex
[0m[22m[info | elixir] Compiling patches/elixir/elixir/code.ex
[0m[22m[info | elixir] Compiling patches/elixir/elixir/elixir.erl
[0m[22m[info | elixir] Compiling patches/elixir/elixir/elixir_compiler.erl
[0m[22m[info | elixir] Compiling patches/elixir/elixir/elixir_erl.erl
[0m[22m[info | elixir] Compiling patches/elixir/elixir/elixir_module.erl
[0m[22m[info | elixir] Compiling patches/elixir/elixir/elixir_sup.erl
[0m[22m[info | elixir] Compiling patches/elixir/elixir/exception.ex
[0m[22m[info | elixir] Compiling patches/elixir/elixir/float.ex
[0m[22m[info | elixir] Compiling patches/elixir/elixir/iex.erl
[0m[22m[info | elixir] Compiling patches/elixir/elixir/io.ex
[0m[22m[info | elixir] Compiling patches/elixir/elixir/kernel.ex
[0m[22m[info | elixir] Compiling patches/elixir/elixir/process.ex
[0m[22m[info | elixir] Compiling patches/elixir/elixir/string_unicode.ex
[0m[22m[info | elixir] Compiling patches/elixir/elixir/registry.ex
[0m[22m[info | elixir] Compiling patches/elixir/elixir/system.ex
[0m[22m[info | elixir] Patching iex.beam
[0m[22m[info | elixir] Patching elixir.beam
[0m[22m[info | elixir] Patching elixir_module.beam
[0m[22m[info | elixir] Patching elixir_sup.beam
[0m[22m[info | elixir] Patching elixir_compiler.beam
[0m[22m[info | elixir] Patching elixir_erl.beam
[0m[22m[info | elixir] Patching Elixir.IO.beam
[0m[22m[info | elixir] Patching Elixir.Kernel.beam
[0m[22m[info | elixir] Patching Elixir.Float.beam
[0m[22m[info | elixir] Patching Elixir.Code.beam
[0m[22m[info | elixir] Patching Elixir.Exception.beam
[0m[22m[info | elixir] Patching Elixir.Base.beam
[0m[22m[info | elixir] Patching Elixir.Registry.beam
[0m    warning: :popcorn_module.add_restart/3 is undefined (module :popcorn_module is not available or is yet to be defined)
    │
  9 │     restarts = :popcorn_module.add_restart([now | restarts], now, max_seconds)
    │                                ~
    │
    └─ (elixir 1.17.3) patches/elixir/elixir/dynamic_supervisor.ex:9:32: DynamicSupervisor.add_restart/1

[22m[info | elixir] Patching Elixir.System.beam
[0m[22m[info | elixir] Patching Elixir.DynamicSupervisor.beam
[0m[22m[info | elixir] Patching Elixir.String.Unicode.beam
[0m[22m[info | elixir] Patching Elixir.Process.beam
[0m[22m[info | elixir] Transferring Elixir.Access.beam
[0m[22m[info | elixir] Transferring Elixir.Agent.Server.beam
[0m[22m[info | elixir] Transferring Elixir.Agent.beam
[0m[22m[info | elixir] Transferring Elixir.Application.beam
[0m[22m[info | elixir] Transferring Elixir.ArgumentError.beam
[0m[22m[info | elixir] Transferring Elixir.ArithmeticError.beam
[0m[22m[info | elixir] Transferring Elixir.Atom.beam
[0m[22m[info | elixir] Transferring Elixir.BadArityError.beam
[0m[22m[info | elixir] Transferring Elixir.BadBooleanError.beam
[0m[22m[info | elixir] Transferring Elixir.BadFunctionError.beam
[0m[22m[info | elixir] Transferring Elixir.BadMapError.beam
[0m[22m[info | elixir] Transferring Elixir.Behaviour.beam
[0m[22m[info | elixir] Transferring Elixir.Bitwise.beam
[0m[22m[info | elixir] Transferring Elixir.BadStructError.beam
[0m[22m[info | elixir] Transferring Elixir.Calendar.ISO.beam
[0m[22m[info | elixir] Transferring Elixir.Calendar.TimeZoneDatabase.beam
[0m[22m[info | elixir] Transferring Elixir.Calendar.UTCOnlyTimeZoneDatabase.beam
[0m[22m[info | elixir] Transferring Elixir.Calendar.beam
[0m[22m[info | elixir] Transferring Elixir.Code.Formatter.beam
[0m[22m[info | elixir] Transferring Elixir.CaseClauseError.beam
[0m[22m[info | elixir] Transferring Elixir.Code.Fragment.beam
[0m[22m[info | elixir] Transferring Elixir.Code.Identifier.beam
[0m[22m[info | elixir] Transferring Elixir.Code.LoadError.beam
[0m[22m[info | elixir] Transferring Elixir.Code.Normalizer.beam
[0m[22m[info | elixir] Transferring Elixir.Code.Typespec.beam
[0m[22m[info | elixir] Transferring Elixir.Collectable.BitString.beam
[0m[22m[info | elixir] Transferring Elixir.Collectable.File.Stream.beam
[0m[22m[info | elixir] Transferring Elixir.Collectable.HashDict.beam
[0m[22m[info | elixir] Transferring Elixir.Collectable.HashSet.beam
[0m[22m[info | elixir] Transferring Elixir.Collectable.IO.Stream.beam
[0m[22m[info | elixir] Transferring Elixir.Collectable.List.beam
[0m[22m[info | elixir] Transferring Elixir.Collectable.Map.beam
[0m[22m[info | elixir] Transferring Elixir.Collectable.MapSet.beam
[0m[22m[info | elixir] Transferring Elixir.Collectable.beam
[0m[22m[info | elixir] Transferring Elixir.CompileError.beam
[0m[22m[info | elixir] Transferring Elixir.CondClauseError.beam
[0m[22m[info | elixir] Transferring Elixir.Config.Provider.beam
[0m[22m[info | elixir] Transferring Elixir.Config.Reader.beam
[0m[22m[info | elixir] Transferring Elixir.Config.beam
[0m[22m[info | elixir] Transferring Elixir.Date.Range.beam
[0m[22m[info | elixir] Transferring Elixir.Date.beam
[0m[22m[info | elixir] Transferring Elixir.DateTime.beam
[0m[22m[info | elixir] Transferring Elixir.Dict.beam
[0m[22m[info | elixir] Transferring Elixir.Duration.beam
[0m[22m[info | elixir] Transferring Elixir.Enum.EmptyError.beam
[0m[22m[info | elixir] Transferring Elixir.Enum.OutOfBoundsError.beam
[0m[22m[info | elixir] Transferring Elixir.Enum.beam
[0m[22m[info | elixir] Transferring Elixir.Enumerable.Date.Range.beam
[0m[22m[info | elixir] Transferring Elixir.Enumerable.File.Stream.beam
[0m[22m[info | elixir] Transferring Elixir.Enumerable.Function.beam
[0m[22m[info | elixir] Transferring Elixir.Enumerable.GenEvent.Stream.beam
[0m[22m[info | elixir] Transferring Elixir.Enumerable.HashDict.beam
[0m[22m[info | elixir] Transferring Elixir.Enumerable.HashSet.beam
[0m[22m[info | elixir] Transferring Elixir.Enumerable.List.beam
[0m[22m[info | elixir] Transferring Elixir.Enumerable.IO.Stream.beam
[0m[22m[info | elixir] Transferring Elixir.Enumerable.Map.beam
[0m[22m[info | elixir] Transferring Elixir.Enumerable.MapSet.beam
[0m[22m[info | elixir] Transferring Elixir.Enumerable.Range.beam
[0m[22m[info | elixir] Transferring Elixir.Enumerable.Stream.beam
[0m[22m[info | elixir] Transferring Elixir.Enumerable.beam
[0m[22m[info | elixir] Transferring Elixir.ErlangError.beam
[0m[22m[info | elixir] Transferring Elixir.File.CopyError.beam
[0m[22m[info | elixir] Transferring Elixir.File.Error.beam
[0m[22m[info | elixir] Transferring Elixir.File.LinkError.beam
[0m[22m[info | elixir] Transferring Elixir.File.RenameError.beam
[0m[22m[info | elixir] Transferring Elixir.File.Stat.beam
[0m[22m[info | elixir] Transferring Elixir.File.Stream.beam
[0m[22m[info | elixir] Transferring Elixir.File.beam
[0m[22m[info | elixir] Transferring Elixir.FunctionClauseError.beam
[0m[22m[info | elixir] Transferring Elixir.Function.beam
[0m[22m[info | elixir] Transferring Elixir.GenEvent.Stream.beam
[0m[22m[info | elixir] Transferring Elixir.GenEvent.beam
[0m[22m[info | elixir] Transferring Elixir.GenServer.beam
[0m[22m[info | elixir] Transferring Elixir.HashDict.beam
[0m[22m[info | elixir] Transferring Elixir.HashSet.beam
[0m[22m[info | elixir] Transferring Elixir.IO.ANSI.Docs.beam
[0m[22m[info | elixir] Transferring Elixir.IO.ANSI.Sequence.beam
[0m[22m[info | elixir] Transferring Elixir.IO.Stream.beam
[0m[22m[info | elixir] Transferring Elixir.IO.ANSI.beam
[0m[22m[info | elixir] Transferring Elixir.IO.StreamError.beam
[0m[22m[info | elixir] Transferring Elixir.Inspect.Algebra.beam
[0m[22m[info | elixir] Transferring Elixir.Inspect.Any.beam
[0m[22m[info | elixir] Transferring Elixir.Inspect.Atom.beam
[0m[22m[info | elixir] Transferring Elixir.Inspect.BitString.beam
[0m[22m[info | elixir] Transferring Elixir.Inspect.Date.Range.beam
[0m[22m[info | elixir] Transferring Elixir.Inspect.Date.beam
[0m[22m[info | elixir] Transferring Elixir.Inspect.DateTime.beam
[0m[22m[info | elixir] Transferring Elixir.Inspect.Duration.beam
[0m[22m[info | elixir] Transferring Elixir.Inspect.Float.beam
[0m[22m[info | elixir] Transferring Elixir.Inspect.Error.beam
[0m[22m[info | elixir] Transferring Elixir.Inspect.Function.beam
[0m[22m[info | elixir] Transferring Elixir.Inspect.HashDict.beam
[0m[22m[info | elixir] Transferring Elixir.Inspect.HashSet.beam
[0m[22m[info | elixir] Transferring Elixir.Inspect.Inspect.Error.beam
[0m[22m[info | elixir] Transferring Elixir.Inspect.List.beam
[0m[22m[info | elixir] Transferring Elixir.Inspect.Integer.beam
[0m[22m[info | elixir] Transferring Elixir.Inspect.Macro.Env.beam
[0m[22m[info | elixir] Transferring Elixir.Inspect.Map.beam
[0m[22m[info | elixir] Transferring Elixir.Inspect.MapSet.beam
[0m[22m[info | elixir] Transferring Elixir.Inspect.NaiveDateTime.beam
[0m[22m[info | elixir] Transferring Elixir.Inspect.Opts.beam
[0m[22m[info | elixir] Transferring Elixir.Inspect.PID.beam
[0m[22m[info | elixir] Transferring Elixir.Inspect.Port.beam
[0m[22m[info | elixir] Transferring Elixir.Inspect.Range.beam
[0m[22m[info | elixir] Transferring Elixir.Inspect.Reference.beam
[0m[22m[info | elixir] Transferring Elixir.Inspect.Regex.beam
[0m[22m[info | elixir] Transferring Elixir.Inspect.Stream.beam
[0m[22m[info | elixir] Transferring Elixir.Inspect.Time.beam
[0m[22m[info | elixir] Transferring Elixir.Inspect.Tuple.beam
[0m[22m[info | elixir] Transferring Elixir.Inspect.URI.beam
[0m[22m[info | elixir] Transferring Elixir.Inspect.Version.Requirement.beam
[0m[22m[info | elixir] Transferring Elixir.Inspect.Version.beam
[0m[22m[info | elixir] Transferring Elixir.Inspect.beam
[0m[22m[info | elixir] Transferring Elixir.Integer.beam
[0m[22m[info | elixir] Transferring Elixir.Kernel.CLI.beam
[0m[22m[info | elixir] Transferring Elixir.Kernel.ErrorHandler.beam
[0m[22m[info | elixir] Transferring Elixir.Kernel.LexicalTracker.beam
[0m[22m[info | elixir] Transferring Elixir.Kernel.ParallelRequire.beam
[0m[22m[info | elixir] Transferring Elixir.Kernel.ParallelCompiler.beam
[0m[22m[info | elixir] Transferring Elixir.Kernel.SpecialForms.beam
[0m[22m[info | elixir] Transferring Elixir.Kernel.Typespec.beam
[0m[22m[info | elixir] Transferring Elixir.Kernel.TypespecError.beam
[0m[22m[info | elixir] Transferring Elixir.Kernel.Utils.beam
[0m[22m[info | elixir] Transferring Elixir.KeyError.beam
[0m[22m[info | elixir] Transferring Elixir.Keyword.beam
[0m[22m[info | elixir] Transferring Elixir.List.Chars.Atom.beam
[0m[22m[info | elixir] Transferring Elixir.List.Chars.BitString.beam
[0m[22m[info | elixir] Transferring Elixir.List.Chars.Float.beam
[0m[22m[info | elixir] Transferring Elixir.List.Chars.Integer.beam
[0m[22m[info | elixir] Transferring Elixir.List.Chars.List.beam
[0m[22m[info | elixir] Transferring Elixir.List.Chars.beam
[0m[22m[info | elixir] Transferring Elixir.List.beam
[0m[22m[info | elixir] Transferring Elixir.Macro.Env.beam
[0m[22m[info | elixir] Transferring Elixir.Macro.beam
[0m[22m[info | elixir] Transferring Elixir.Map.beam
[0m[22m[info | elixir] Transferring Elixir.MapSet.beam
[0m[22m[info | elixir] Transferring Elixir.MatchError.beam
[0m[22m[info | elixir] Transferring Elixir.MismatchedDelimiterError.beam
[0m[22m[info | elixir] Transferring Elixir.Module.Behaviour.beam
[0m[22m[info | elixir] Transferring Elixir.Module.LocalsTracker.beam
[0m[22m[info | elixir] Transferring Elixir.Module.ParallelChecker.beam
[0m[22m[info | elixir] Transferring Elixir.Module.Types.Descr.beam
[0m[22m[info | elixir] Transferring Elixir.Module.Types.Expr.beam
[0m[22m[info | elixir] Transferring Elixir.Module.Types.Helpers.beam
[0m[22m[info | elixir] Transferring Elixir.Module.Types.Of.beam
[0m[22m[info | elixir] Transferring Elixir.Module.Types.Pattern.beam
[0m[22m[info | elixir] Transferring Elixir.Module.Types.beam
[0m[22m[info | elixir] Transferring Elixir.NaiveDateTime.beam
[0m[22m[info | elixir] Transferring Elixir.Module.beam
[0m[22m[info | elixir] Transferring Elixir.Node.beam
[0m[22m[info | elixir] Transferring Elixir.OptionParser.ParseError.beam
[0m[22m[info | elixir] Transferring Elixir.OptionParser.beam
[0m[22m[info | elixir] Transferring Elixir.PartitionSupervisor.beam
[0m[22m[info | elixir] Transferring Elixir.Path.Wildcard.beam
[0m[22m[info | elixir] Transferring Elixir.Path.beam
[0m[22m[info | elixir] Transferring Elixir.Port.beam
[0m[22m[info | elixir] Transferring Elixir.Protocol.UndefinedError.beam
[0m[22m[info | elixir] Transferring Elixir.Protocol.beam
[0m[22m[info | elixir] Transferring Elixir.Range.beam
[0m[22m[info | elixir] Transferring Elixir.Record.Extractor.beam
[0m[22m[info | elixir] Transferring Elixir.Record.beam
[0m[22m[info | elixir] Transferring Elixir.Regex.CompileError.beam
[0m[22m[info | elixir] Transferring Elixir.Registry.Partition.beam
[0m[22m[info | elixir] Transferring Elixir.Regex.beam
[0m[22m[info | elixir] Transferring Elixir.Registry.Supervisor.beam
[0m[22m[info | elixir] Transferring Elixir.RuntimeError.beam
[0m[22m[info | elixir] Transferring Elixir.Set.beam
[0m[22m[info | elixir] Transferring Elixir.Stream.Reducers.beam
[0m[22m[info | elixir] Transferring Elixir.Stream.beam
[0m[22m[info | elixir] Transferring Elixir.String.Break.beam
[0m[22m[info | elixir] Transferring Elixir.String.Chars.Atom.beam
[0m[22m[info | elixir] Transferring Elixir.String.Chars.BitString.beam
[0m[22m[info | elixir] Transferring Elixir.String.Chars.Date.beam
[0m[22m[info | elixir] Transferring Elixir.String.Chars.DateTime.beam
[0m[22m[info | elixir] Transferring Elixir.String.Chars.Float.beam
[0m[22m[info | elixir] Transferring Elixir.String.Chars.Integer.beam
[0m[22m[info | elixir] Transferring Elixir.String.Chars.List.beam
[0m[22m[info | elixir] Transferring Elixir.String.Chars.Time.beam
[0m[22m[info | elixir] Transferring Elixir.String.Chars.NaiveDateTime.beam
[0m[22m[info | elixir] Transferring Elixir.String.Chars.URI.beam
[0m[22m[info | elixir] Transferring Elixir.String.Chars.Version.Requirement.beam
[0m[22m[info | elixir] Transferring Elixir.String.Chars.Version.beam
[0m[22m[info | elixir] Transferring Elixir.String.Chars.beam
[0m[22m[info | elixir] Transferring Elixir.String.Tokenizer.ScriptSet.beam
[0m[22m[info | elixir] Transferring Elixir.String.Tokenizer.Security.beam
[0m[22m[info | elixir] Transferring Elixir.String.Tokenizer.beam
[0m[22m[info | elixir] Transferring Elixir.String.beam
[0m[22m[info | elixir] Transferring Elixir.StringIO.beam
[0m[22m[info | elixir] Transferring Elixir.Supervisor.Default.beam
[0m[22m[info | elixir] Transferring Elixir.Supervisor.Spec.beam
[0m[22m[info | elixir] Transferring Elixir.Supervisor.beam
[0m[22m[info | elixir] Transferring Elixir.SyntaxError.beam
[0m[22m[info | elixir] Transferring Elixir.System.EnvError.beam
[0m[22m[info | elixir] Transferring Elixir.System.SignalHandler.beam
[0m[22m[info | elixir] Transferring Elixir.SystemLimitError.beam
[0m[22m[info | elixir] Transferring Elixir.Task.Supervised.beam
[0m[22m[info | elixir] Transferring Elixir.Task.Supervisor.beam
[0m[22m[info | elixir] Transferring Elixir.Time.beam
[0m[22m[info | elixir] Transferring Elixir.Task.beam
[0m[22m[info | elixir] Transferring Elixir.TokenMissingError.beam
[0m[22m[info | elixir] Transferring Elixir.TryClauseError.beam
[0m[22m[info | elixir] Transferring Elixir.Tuple.beam
[0m[22m[info | elixir] Transferring Elixir.URI.beam
[0m[22m[info | elixir] Transferring Elixir.URI.Error.beam
[0m[22m[info | elixir] Transferring Elixir.UndefinedFunctionError.beam
[0m[22m[info | elixir] Transferring Elixir.UnicodeConversionError.beam
[0m[22m[info | elixir] Transferring Elixir.Version.InvalidRequirementError.beam
[0m[22m[info | elixir] Transferring Elixir.Version.InvalidVersionError.beam
[0m[22m[info | elixir] Transferring Elixir.Version.Parser.beam
[0m[22m[info | elixir] Transferring Elixir.Version.Requirement.beam
[0m[22m[info | elixir] Transferring Elixir.Version.beam
[0m[22m[info | elixir] Transferring Elixir.WithClauseError.beam
[0m[22m[info | elixir] Transferring elixir.app
[0m[22m[info | elixir] Transferring elixir_aliases.beam
[0m[22m[info | elixir] Transferring elixir_bitstring.beam
[0m[22m[info | elixir] Transferring elixir_bootstrap.beam
[0m[22m[info | elixir] Transferring elixir_clauses.beam
[0m[22m[info | elixir] Transferring elixir_code_server.beam
[0m[22m[info | elixir] Transferring elixir_config.beam
[0m[22m[info | elixir] Transferring elixir_def.beam
[0m[22m[info | elixir] Transferring elixir_dispatch.beam
[0m[22m[info | elixir] Transferring elixir_env.beam
[0m[22m[info | elixir] Transferring elixir_erl_clauses.beam
[0m[22m[info | elixir] Transferring elixir_erl_compiler.beam
[0m[22m[info | elixir] Transferring elixir_erl_for.beam
[0m[22m[info | elixir] Transferring elixir_erl_pass.beam
[0m[22m[info | elixir] Transferring elixir_erl_try.beam
[0m[22m[info | elixir] Transferring elixir_erl_var.beam
[0m[22m[info | elixir] Transferring elixir_errors.beam
[0m[22m[info | elixir] Transferring elixir_fn.beam
[0m[22m[info | elixir] Transferring elixir_import.beam
[0m[22m[info | elixir] Transferring elixir_expand.beam
[0m[22m[info | elixir] Transferring elixir_interpolation.beam
[0m[22m[info | elixir] Transferring elixir_lexical.beam
[0m[22m[info | elixir] Transferring elixir_locals.beam
[0m[22m[info | elixir] Transferring elixir_map.beam
[0m[22m[info | elixir] Transferring elixir_overridable.beam
[0m[22m[info | elixir] Transferring elixir_parser.beam
[0m[22m[info | elixir] Transferring elixir_quote.beam
[0m[22m[info | elixir] Transferring elixir_rewrite.beam
[0m[22m[info | elixir] Transferring elixir_tokenizer.beam
[0m[22m[info | elixir] Transferring elixir_utils.beam
[0m[22m[info | logger] Compiling patches/elixir/logger/logger_app.ex
[0m[22m[info | logger] Compiling patches/elixir/logger/logger_formatter.ex
[0m[22m[info | logger] Patching Elixir.Logger.Formatter.beam
[0m[22m[info | logger] Patching Elixir.Logger.App.beam
[0m[22m[info | logger] Transferring Elixir.Logger.Backends.Config.beam
[0m[22m[info | logger] Transferring Elixir.Logger.Backends.Console.beam
[0m[22m[info | logger] Transferring Elixir.Logger.Backends.Handler.beam
[0m[22m[info | logger] Transferring Elixir.Logger.Backends.Internal.beam
[0m[22m[info | logger] Transferring Elixir.Logger.Backends.Supervisor.beam
[0m[22m[info | logger] Transferring Elixir.Logger.Backends.Watcher.beam
[0m[22m[info | logger] Transferring Elixir.Logger.Utils.beam
[0m[22m[info | logger] Transferring Elixir.Logger.beam
[0m[22m[info | logger] Transferring Elixir.Logger.Translator.beam
[0m[22m[info | logger] Transferring logger.app
[0m[22m[info | stdlib] Transferring argparse.beam
[0m[22m[info | stdlib] Transferring array.beam
[0m[22m[info | stdlib] Transferring base64.beam
[0m[22m[info | stdlib] Transferring c.beam
[0m[22m[info | stdlib] Transferring dets.beam
[0m[22m[info | stdlib] Transferring dets_server.beam
[0m[22m[info | stdlib] Transferring dets_sup.beam
[0m[22m[info | stdlib] Transferring dets_v9.beam
[0m[22m[info | stdlib] Transferring dict.beam
[0m[22m[info | stdlib] Transferring dets_utils.beam
[0m[22m[info | stdlib] Transferring digraph.beam
[0m[22m[info | stdlib] Transferring digraph_utils.beam
[0m[22m[info | stdlib] Transferring edlin.beam
[0m[22m[info | stdlib] Transferring edlin_context.beam
[0m[22m[info | stdlib] Transferring edlin_expand.beam
[0m[22m[info | stdlib] Transferring edlin_type_suggestion.beam
[0m[22m[info | stdlib] Transferring epp.beam
[0m[22m[info | stdlib] Transferring erl_abstract_code.beam
[0m[22m[info | stdlib] Transferring erl_anno.beam
[0m[22m[info | stdlib] Transferring erl_bits.beam
[0m[22m[info | stdlib] Transferring erl_compile.beam
[0m[22m[info | stdlib] Transferring erl_error.beam
[0m[22m[info | stdlib] Transferring erl_expand_records.beam
[0m[22m[info | stdlib] Transferring erl_internal.beam
[0m[22m[info | stdlib] Transferring erl_lint.beam
[0m[22m[info | stdlib] Transferring erl_posix_msg.beam
[0m[22m[info | stdlib] Transferring erl_pp.beam
[0m[22m[info | stdlib] Transferring erl_scan.beam
[0m[22m[info | stdlib] Transferring erl_stdlib_errors.beam
[0m[22m[info | stdlib] Transferring erl_tar.beam
[0m[22m[info | stdlib] Transferring error_logger_file_h.beam
[0m[22m[info | stdlib] Transferring error_logger_tty_h.beam
[0m[22m[info | stdlib] Transferring escript.beam
[0m[22m[info | stdlib] Transferring file_sorter.beam
[0m[22m[info | stdlib] Transferring filelib.beam
[0m[22m[info | stdlib] Transferring gb_sets.beam
[0m[22m[info | stdlib] Transferring gb_trees.beam
[0m[22m[info | stdlib] Transferring gen_fsm.beam
[0m[22m[info | stdlib] Transferring io_lib.beam
[0m[22m[info | stdlib] Transferring io_lib_format.beam
[0m[22m[info | stdlib] Transferring io_lib_fread.beam
[0m[22m[info | stdlib] Transferring io_lib_pretty.beam
[0m[22m[info | stdlib] Transferring log_mf_h.beam
[0m[22m[info | stdlib] Transferring ms_transform.beam
[0m[22m[info | stdlib] Transferring ordsets.beam
[0m[22m[info | stdlib] Transferring orddict.beam
[0m[22m[info | stdlib] Transferring otp_internal.beam
[0m[22m[info | stdlib] Transferring peer.beam
[0m[22m[info | stdlib] Transferring pool.beam
[0m[22m[info | stdlib] Transferring proplists.beam
[0m[22m[info | stdlib] Transferring qlc.beam
[0m[22m[info | stdlib] Transferring qlc_pt.beam
[0m[22m[info | stdlib] Transferring queue.beam
[0m[22m[info | stdlib] Transferring random.beam
[0m[22m[info | stdlib] Transferring re.beam
[0m[22m[info | stdlib] Transferring sets.beam
[0m[22m[info | stdlib] Transferring shell_default.beam
[0m[22m[info | stdlib] Transferring shell_docs.beam
[0m[22m[info | stdlib] Transferring slave.beam
[0m[22m[info | stdlib] Transferring sofs.beam
[0m[22m[info | stdlib] Transferring stdlib.app
[0m[22m[info | stdlib] Transferring supervisor_bridge.beam
[0m[22m[info | stdlib] Transferring sys.beam
[0m[22m[info | stdlib] Transferring unicode.beam
[0m[22m[info | stdlib] Transferring unicode_util.beam
[0m[22m[info | stdlib] Transferring uri_string.beam
[0m[22m[info | stdlib] Transferring win32reg.beam
[0m[22m[info | stdlib] Transferring zip.beam
[0m
11:28:43.396 [info] Bundling finished (took 7.41s)
==> blazex_bh01_browser_host
Compiling 4 files (.ex)
Generated blazex_bh01_browser_host app
